// Vitest Snapshot v1

exports[`dhash > read gif 1`] = `"0001111110101011111010100110100001101000001110000100011001101000"`;

exports[`dhash > read png 1`] = `"0001111110101011111010100110100001101000001110000101001001101000"`;
